[canadaconstructionlimited.ca/index.html]
[backblue.gif]
[fade.gif]
[index.html]
[canadaconstructionlimited.ca/wp-content/uploads/2017/04/red-leaf.png]
[external.html]
[canadaconstructionlimited.ca/homepage/feed/index.html]
[canadaconstructionlimited.ca/wp-includes/js/jquery/jqueryb8ff.js]
[canadaconstructionlimited.ca/wp-includes/js/jquery/jquery-migrate.min330a.js]
[canadaconstructionlimited.ca/xmlrpc0db0.php]
[canadaconstructionlimited.ca/wp-json/oembed/1.0/embedc1e9]
[use.typekit.net/xhg2qel.js]
[canadaconstructionlimited.ca/wp-content/uploads/2016/05/ccl-logo-e1463976674943.png]
[canadaconstructionlimited.ca/wp-content/uploads/2016/05/ccl-logo-m.png]
[canadaconstructionlimited.ca/projects/index.html]
[canadaconstructionlimited.ca/contact/index.html]
[canadaconstructionlimited.ca/request-a-quote/index.html]
[canadaconstructionlimited.ca/wp-content/uploads/2017/04/IMG_3995-e1491759864250-373x373.jpg]
[canadaconstructionlimited.ca/wp-content/uploads/2017/04/IMG_4045-373x373.jpg]
[canadaconstructionlimited.ca/projects/cloud-gardens-conservatory/index.html]
[canadaconstructionlimited.ca/projects/don-valley-golf-course/index.html]
[canadaconstructionlimited.ca/projects/nashdene-yard-new-prefabricated-canopy/index.html]
[canadaconstructionlimited.ca/wp-content/uploads/2016/05/our-services-final.png]
[dnncontracting.ca/dnn-cms/images/header-background.jpg]
[canadaconstructionlimited.ca/wp-content/plugins/constructent-shortcodes/js/waypoints.minc1b4.js]
[canadaconstructionlimited.ca/wp-content/plugins/constructent-shortcodes/js/jquery.circliful.min784e.js]
[canadaconstructionlimited.ca/wp-includes/js/imagesloaded.min55a0.js]
[canadaconstructionlimited.ca/wp-content/plugins/constructent-shortcodes/js/jquery.shuffle.minb12b.js]
[canadaconstructionlimited.ca/wp-content/plugins/constructent-shortcodes/js/frontend8a54.js]
[canadaconstructionlimited.ca/wp-content/themes/ccl/lib/js/widgets5152.js]
[canadaconstructionlimited.ca/wp-content/plugins/contact-form-7/includes/js/scripts1748.js]
[canadaconstructionlimited.ca/wp-includes/js/underscore.min4511.js]
[canadaconstructionlimited.ca/wp-includes/js/backbone.min9632.js]
[canadaconstructionlimited.ca/wp-includes/js/api-request.min7938.js]
[canadaconstructionlimited.ca/wp-includes/js/wp-api.min7938.js]
[canadaconstructionlimited.ca/wp-content/themes/ccl/js/jquery.fitvids.min4963.js]
[canadaconstructionlimited.ca/wp-content/themes/ccl/js/bootstrapb12b.js]
[canadaconstructionlimited.ca/wp-content/themes/ccl/js/jquery.colorbox.min905d.js]
[canadaconstructionlimited.ca/wp-content/themes/ccl/js/scripts8a54.js]
[canadaconstructionlimited.ca/wp-includes/js/comment-reply.min7938.js]
[cdnjs.cloudflare.com/ajax/libs/modernizr/2.8.3/modernizr.min.js]
[canadaconstructionlimited.ca/wp-includes/js/wp-embed.min7938.js]
[canadaconstructionlimited.ca/wp-content/plugins/new-royalslider/lib/royalslider/jquery.royalslider.minc169.js]
[canadaconstructionlimited.ca/index.html]
[canadaconstructionlimited.ca/xmlrpc.php]
[canadaconstructionlimited.ca/comments/feed/index.html]
[canadaconstructionlimited.ca/wp-content/plugins/fitwp-shortcodes/css/frontend7938.css]
[canadaconstructionlimited.ca/feed/index.html]
[canadaconstructionlimited.ca/wp-content/uploads/2015/04/14055327806_3e4279e9f7_h.jpg]
[canadaconstructionlimited.ca/wp-content/plugins/contact-form-7/includes/css/styles1748.css]
[canadaconstructionlimited.ca/wp-content/plugins/contact-form-7/images/ajax-loader.gif]
[canadaconstructionlimited.ca/wp-content/themes/ccl/css/bootstrap.min7938.css]
[canadaconstructionlimited.ca/wp-content/themes/ccl/css/fonts/Pe-icon-7-strokebb1d.eot]
[canadaconstructionlimited.ca/wp-content/themes/ccl/css/fonts/Pe-icon-7-stroked41d.eot]
[canadaconstructionlimited.ca/wp-content/themes/ccl/css/fonts/Pe-icon-7-strokebb1d.woff]
[canadaconstructionlimited.ca/wp-content/themes/ccl/css/pe-icon-7-stroke.min7938.css]
[canadaconstructionlimited.ca/wp-content/themes/ccl/img/stripe-line.png]
[canadaconstructionlimited.ca/wp-content/themes/ccl/style7938.css]
[canadaconstructionlimited.ca/wp-content/plugins/new-royalslider/lib/royalslider/grab.png]
[canadaconstructionlimited.ca/wp-content/plugins/new-royalslider/lib/royalslider/grabbing.png]
[canadaconstructionlimited.ca/wp-content/plugins/new-royalslider/lib/royalslider/blank.gif]
[canadaconstructionlimited.ca/wp-content/plugins/new-royalslider/lib/royalslider/royalsliderc169.css]
[canadaconstructionlimited.ca/wp-content/plugins/new-royalslider/lib/royalslider/skins/universal/rs-universal.png]
[canadaconstructionlimited.ca/wp-content/plugins/new-royalslider/lib/royalslider/skins/preloaders/preloader-white.gif]
[canadaconstructionlimited.ca/wp-content/plugins/new-royalslider/lib/royalslider/skins/universal/rs-universalc169.css]
[canadaconstructionlimited.ca/wp-content/uploads/2017/05/dark-bg.jpg]
[canadaconstructionlimited.ca/wp-content/themes/ccl-child/style7938.css]
[canadaconstructionlimited.ca/wp-content/themes/ccl/img/patt4.png]
[canadaconstructionlimited.ca/wp-content/uploads/fitwp-css/customa765.css]
[canadaconstructionlimited.ca/wp-content/plugins/wp-google-maps/wpgmza_data7938.js]
[canadaconstructionlimited.ca/wp-json/oembed/1.0/embed3b4c]
[canadaconstructionlimited.ca/wp-content/uploads/2017/04/projects-title.jpg]
[canadaconstructionlimited.ca/wp-content/uploads/2016/11/20161007_144454-670x360.jpg]
[canadaconstructionlimited.ca/wp-content/uploads/2017/04/IMG_4097-670x360.jpg]
[canadaconstructionlimited.ca/wp-content/uploads/2017/04/IMG_3995-e1491759864250-670x360.jpg]
[canadaconstructionlimited.ca/wp-content/uploads/2017/04/IMG_2815-670x360.jpg]
[canadaconstructionlimited.ca/projects/ttc-inglis-building/index.html]
[canadaconstructionlimited.ca/projects/newmarket-community-health-services-department/index.html]
[canadaconstructionlimited.ca/projects/brookbanks-park-elmcrest-park-bridges/index.html]
[canadaconstructionlimited.ca/projects/index.html]
[canadaconstructionlimited.ca/about/index.html]
[canadaconstructionlimited.ca/careers/index.html]
[canadaconstructionlimited.ca/wp-json/oembed/1.0/embed1bee.json]
[canadaconstructionlimited.ca/wp-json/oembed/1.0/embed5482]
[canadaconstructionlimited.ca/wp-content/plugins/wp-google-maps/lib/CanvasLayerOptions7938.js]
[canadaconstructionlimited.ca/wp-content/plugins/wp-google-maps/lib/CanvasLayer7938.js]
[canadaconstructionlimited.ca/wp-content/plugins/wp-google-maps/js/jquery.dataTables.min7938.js]
[canadaconstructionlimited.ca/wp-content/plugins/wp-google-maps/lib/jquery-cookie7938.js]
[canadaconstructionlimited.ca/wp-content/plugins/wp-google-maps/lib/remodal.min7938.js]
[canadaconstructionlimited.ca/wp-content/plugins/wp-google-maps/lib/spectrum7938.js]
[canadaconstructionlimited.ca/contact/index.html]
[canadaconstructionlimited.ca/wp-json/oembed/1.0/embedfe6d.json]
[canadaconstructionlimited.ca/request-a-quote/index.html]
[canadaconstructionlimited.ca/wp-json/oembed/1.0/embed7064]
[canadaconstructionlimited.ca/wp-content/uploads/2015/08/toronto-buildings-e1463338581922.jpg]
[canadaconstructionlimited.ca/wp-content/uploads/2017/04/IMG_4097.jpg]
[canadaconstructionlimited.ca/wp-content/uploads/2017/04/cloud-gardens-9-1024x768.jpg]
[canadaconstructionlimited.ca/wp-content/uploads/2017/04/cloud-gardens-9.jpg]
[canadaconstructionlimited.ca/wp-content/uploads/2017/04/cloud-gardens-1-1024x768.jpg]
[canadaconstructionlimited.ca/wp-content/uploads/2017/04/cloud-gardens-1.jpg]
[canadaconstructionlimited.ca/wp-content/uploads/2017/04/cloud-gardens-1-96x72.jpg]
[canadaconstructionlimited.ca/wp-content/uploads/2017/04/cloud-gardens-2-768x1024.jpg]
[canadaconstructionlimited.ca/wp-content/uploads/2017/04/cloud-gardens-2.jpg]
[canadaconstructionlimited.ca/wp-content/uploads/2017/04/cloud-gardens-2-96x72.jpg]
[canadaconstructionlimited.ca/wp-content/uploads/2017/04/cloud-gardens-3-1024x768.jpg]
[canadaconstructionlimited.ca/wp-content/uploads/2017/04/cloud-gardens-3.jpg]
[canadaconstructionlimited.ca/wp-content/uploads/2017/04/cloud-gardens-3-96x72.jpg]
[canadaconstructionlimited.ca/wp-content/uploads/2017/04/cloud-gardens-4-1024x768.jpg]
[canadaconstructionlimited.ca/wp-content/uploads/2017/04/cloud-gardens-5.jpg]
[canadaconstructionlimited.ca/wp-content/uploads/2017/04/cloud-gardens-5-96x72.jpg]
[canadaconstructionlimited.ca/wp-content/uploads/2017/04/cloud-gardens-6-768x1024.jpg]
[canadaconstructionlimited.ca/wp-content/uploads/2017/04/cloud-gardens-6-96x72.jpg]
[canadaconstructionlimited.ca/wp-content/uploads/2017/04/cloud-gardens-7-1024x768.jpg]
[canadaconstructionlimited.ca/wp-content/uploads/2017/04/cloud-gardens-7.jpg]
[canadaconstructionlimited.ca/wp-content/uploads/2017/04/cloud-gardens-7-96x72.jpg]
[canadaconstructionlimited.ca/wp-content/uploads/2017/04/cloud-gardens-8-1024x768.jpg]
[canadaconstructionlimited.ca/wp-content/uploads/2017/04/cloud-gardens-8-96x72.jpg]
[canadaconstructionlimited.ca/projects/cloud-gardens-conservatory/index.html]
[canadaconstructionlimited.ca/wp-content/uploads/2017/04/IMG_3995-e1491759899481.jpg]
[canadaconstructionlimited.ca/wp-json/oembed/1.0/embedd32f.json]
[canadaconstructionlimited.ca/wp-content/uploads/2017/04/nashdene-1-768x1024.jpg]
[canadaconstructionlimited.ca/wp-content/uploads/2017/04/nashdene-1.jpg]
[canadaconstructionlimited.ca/wp-content/uploads/2017/04/nashdene-1-96x72.jpg]
[canadaconstructionlimited.ca/wp-content/uploads/2017/04/nashdene-2-768x1024.jpg]
[canadaconstructionlimited.ca/wp-content/uploads/2017/04/nashdene-2.jpg]
[canadaconstructionlimited.ca/wp-content/uploads/2017/04/nashdene-2-96x72.jpg]
[canadaconstructionlimited.ca/wp-content/uploads/2017/04/nashdene-3-768x1024.jpg]
[canadaconstructionlimited.ca/wp-content/uploads/2017/04/nashdene-3.jpg]
[canadaconstructionlimited.ca/wp-content/uploads/2017/04/nashdene-3-96x72.jpg]
[canadaconstructionlimited.ca/wp-content/uploads/2017/04/nashdene-4-768x1024.jpg]
[canadaconstructionlimited.ca/wp-content/uploads/2017/04/nashdene-4-96x72.jpg]
[canadaconstructionlimited.ca/projects/nashdene-yard-new-prefabricated-canopy/index.html]
[canadaconstructionlimited.ca/wp-content/uploads/2017/04/IMG_4045-1024x768.jpg]
[canadaconstructionlimited.ca/wp-content/uploads/2017/04/IMG_4045.jpg]
[canadaconstructionlimited.ca/wp-json/oembed/1.0/embed192f]
[canadaconstructionlimited.ca/wp-content/uploads/2017/04/don-valley-1-96x72.jpg]
[canadaconstructionlimited.ca/wp-content/uploads/2017/04/don-valley-2.jpg]
[canadaconstructionlimited.ca/wp-content/uploads/2017/04/don-valley-2-96x72.jpg]
[canadaconstructionlimited.ca/wp-content/uploads/2017/04/don-valley-3-1024x768.jpg]
[canadaconstructionlimited.ca/wp-content/uploads/2017/04/don-valley-3-96x72.jpg]
[canadaconstructionlimited.ca/wp-content/uploads/2017/04/don-valley-4.jpg]
[canadaconstructionlimited.ca/wp-content/uploads/2017/04/don-valley-4-96x72.jpg]
[canadaconstructionlimited.ca/projects/don-valley-golf-course/index.html]
[canadaconstructionlimited.ca/wp-content/plugins/fitwp-shortcodes/js/frontend7938.js]
[canadaconstructionlimited.ca/wp-content/themes/ccl/js/bootstrap-hover-dropdown.min4c71.js]
[canadaconstructionlimited.ca/wp-content/plugins/constructent-shortcodes/js/owl.carousel.min3ba1.js]
[canadaconstructionlimited.ca/wp-content/themes/ccl/lib/css/widgets7938.css]
[canadaconstructionlimited.ca/wp-content/themes/ccl/fonts/glyphicons-halflings-regular.html]
[canadaconstructionlimited.ca/wp-content/themes/ccl/fonts/glyphicons-halflings-regulard41d.html]
[canadaconstructionlimited.ca/wp-content/themes/ccl/fonts/glyphicons-halflings-regular-2.html]
[canadaconstructionlimited.ca/wp-content/themes/ccl/fonts/glyphicons-halflings-regular-3.html]
[canadaconstructionlimited.ca/wp-content/themes/ccl/fonts/glyphicons-halflings-regular-4.html]
[canadaconstructionlimited.ca/wp-content/themes/ccl/fonts/glyphicons-halflings-regular-5.html]
[canadaconstructionlimited.ca/wp-content/themes/ccl-child/responsive7938.css]
[canadaconstructionlimited.ca/wp-content/themes/ccl/css/fonts/Pe-icon-7-strokebb1d.ttf]
[canadaconstructionlimited.ca/wp-json/index.html]
[canadaconstructionlimited.ca/wp-includes/wlwmanifest.xml]
[canadaconstructionlimited.ca/wp-json/oembed/1.0/embedcef4]
[canadaconstructionlimited.ca/wp-json/oembed/1.0/embedd760]
[canadaconstructionlimited.ca/wp-content/uploads/2017/04/IMG_4045-670x360.jpg]
[canadaconstructionlimited.ca/wp-content/uploads/2017/04/IMG_2815.jpg]
[canadaconstructionlimited.ca/wp-json/oembed/1.0/embede3ab.json]
[canadaconstructionlimited.ca/wp-json/oembed/1.0/embed9315]
[canadaconstructionlimited.ca/wp-content/uploads/2017/04/ttc-1-768x1024.jpg]
[canadaconstructionlimited.ca/wp-content/uploads/2017/04/ttc-2.jpg]
[canadaconstructionlimited.ca/wp-content/uploads/2017/04/ttc-2-96x72.jpg]
[canadaconstructionlimited.ca/wp-content/uploads/2017/04/ttc-3-768x1024.jpg]
[canadaconstructionlimited.ca/wp-content/uploads/2017/04/ttc-3-96x72.jpg]
[canadaconstructionlimited.ca/wp-content/uploads/2017/04/ttc-4-768x1024.jpg]
[canadaconstructionlimited.ca/wp-content/uploads/2017/04/ttc-4-96x72.jpg]
[canadaconstructionlimited.ca/wp-content/uploads/2017/04/ttc-5-1024x768.jpg]
[canadaconstructionlimited.ca/wp-content/uploads/2017/04/ttc-5.jpg]
[canadaconstructionlimited.ca/wp-content/uploads/2017/04/ttc-7-768x1024.jpg]
[canadaconstructionlimited.ca/wp-content/uploads/2017/04/ttc-6-768x1024.jpg]
[canadaconstructionlimited.ca/wp-content/uploads/2017/04/ttc-6.jpg]
[canadaconstructionlimited.ca/wp-content/uploads/2017/04/ttc-6-96x72.jpg]
[canadaconstructionlimited.ca/wp-content/uploads/2017/04/ttc-8-768x1024.jpg]
[canadaconstructionlimited.ca/wp-content/uploads/2017/04/ttc-8.jpg]
[canadaconstructionlimited.ca/wp-content/uploads/2017/04/ttc-8-96x72.jpg]
[canadaconstructionlimited.ca/projects/ttc-inglis-building/index.html]
[canadaconstructionlimited.ca/wp-content/uploads/2017/04/IMG_1480-002-e1491760238991.jpg]
[canadaconstructionlimited.ca/wp-content/uploads/2017/04/newmarket-3-96x72.jpg]
[canadaconstructionlimited.ca/wp-content/uploads/2017/04/newmarket-2-96x72.jpg]
[canadaconstructionlimited.ca/wp-content/uploads/2017/04/newmarket-1.jpg]
[canadaconstructionlimited.ca/projects/newmarket-community-health-services-department/index.html]
[canadaconstructionlimited.ca/wp-content/uploads/2017/05/IMG_4035.jpg]
[canadaconstructionlimited.ca/wp-json/oembed/1.0/embed5c26]
[canadaconstructionlimited.ca/wp-content/uploads/2017/05/IMG_4019.jpg]
[canadaconstructionlimited.ca/wp-content/uploads/2017/05/IMG_4019-96x72.jpg]
[canadaconstructionlimited.ca/wp-content/uploads/2017/05/IMG_4013.jpg]
[canadaconstructionlimited.ca/wp-content/uploads/2017/05/IMG_4013-96x72.jpg]
[canadaconstructionlimited.ca/wp-content/uploads/2017/05/IMG_4017.jpg]
[canadaconstructionlimited.ca/wp-content/uploads/2017/05/IMG_4011-e1495240482510-96x72.jpg]
[canadaconstructionlimited.ca/wp-content/uploads/2017/04/elmcrest-4-96x72.jpg]
[canadaconstructionlimited.ca/wp-content/uploads/2017/04/elmcrest-7-768x1024.jpg]
[canadaconstructionlimited.ca/wp-content/uploads/2017/04/elmcrest-7.jpg]
[canadaconstructionlimited.ca/wp-content/uploads/2017/04/elmcrest-8-768x1024.jpg]
[canadaconstructionlimited.ca/wp-content/uploads/2017/04/elmcrest-5-768x1024.jpg]
[canadaconstructionlimited.ca/wp-content/uploads/2017/04/elmcrest-5.jpg]
[canadaconstructionlimited.ca/wp-content/uploads/2017/04/elmcrest-1-768x1024.jpg]
[canadaconstructionlimited.ca/wp-content/uploads/2017/04/elmcrest-1-96x72.jpg]
[canadaconstructionlimited.ca/wp-content/uploads/2017/04/elmcrest-6-768x1024.jpg]
[canadaconstructionlimited.ca/wp-content/uploads/2017/04/elmcrest-6.jpg]
[canadaconstructionlimited.ca/wp-content/uploads/2017/04/elmcrest-2-768x1024.jpg]
[canadaconstructionlimited.ca/wp-content/uploads/2017/04/elmcrest-2-96x72.jpg]
[canadaconstructionlimited.ca/wp-content/uploads/2017/04/elmcrest-3-768x1024.jpg]
[canadaconstructionlimited.ca/wp-content/uploads/2017/04/elmcrest-3-96x72.jpg]
[canadaconstructionlimited.ca/projects/brookbanks-park-elmcrest-park-bridges/index.html]
[canadaconstructionlimited.ca/wp-content/uploads/2017/05/IMG_4035-640x360.jpg]
[canadaconstructionlimited.ca/wp-json/oembed/1.0/embed754e.json]
[canadaconstructionlimited.ca/services/index.html]
[canadaconstructionlimited.ca/wp-json/oembed/1.0/embed2483]
[canadaconstructionlimited.ca/wp-content/uploads/2016/05/careers-title-bg.png]
[canadaconstructionlimited.ca/careers/index.html]
[canadaconstructionlimited.ca/wp-json/oembed/1.0/embedb4b3.json]
[canadaconstructionlimited.ca/wp-json/oembed/1.0/embeda4d6]
[canadaconstructionlimited.ca/wp-content/uploads/2015/04/toronto-panorama.jpg]
[canadaconstructionlimited.ca/wp-content/uploads/2015/04/about-ladder-1024x565.jpg]
[canadaconstructionlimited.ca/about/index.html]
[canadaconstructionlimited.ca/index7b09.html]
[canadaconstructionlimited.ca/wp-content/plugins/wp-google-maps/images/premium.png]
[canadaconstructionlimited.ca/wp-content/plugins/wp-google-maps/css/wpgmza_stylee272.css]
[canadaconstructionlimited.ca/wp-content/plugins/wp-google-maps/lib/remodal-default-theme7938.css]
[canadaconstructionlimited.ca/wp-content/plugins/wp-google-maps/js/wpgmaps263e.js]
[canadaconstructionlimited.ca/wp-content/plugins/wp-google-maps/js/v8/wp-google-maps.mine272.js]
[canadaconstructionlimited.ca/index6cf9.html]
[canadaconstructionlimited.ca/wp-content/uploads/2015/08/homepage.jpg]
[canadaconstructionlimited.ca/projects/ajax-mclean-community-centre/index.html]
[canadaconstructionlimited.ca/wp-content/uploads/2017/04/IMG_4097-373x373.jpg]
[canadaconstructionlimited.ca/wp-json/oembed/1.0/embed0690]
[canadaconstructionlimited.ca/wp-content/uploads/2017/04/cloud-gardens-9.jpg]
[canadaconstructionlimited.ca/wp-json/oembed/1.0/embedd785]
[canadaconstructionlimited.ca/wp-content/uploads/2017/04/cloud-gardens-9-96x72.jpg]
[canadaconstructionlimited.ca/wp-content/uploads/2017/04/cloud-gardens-4.jpg]
[canadaconstructionlimited.ca/wp-content/uploads/2017/04/cloud-gardens-4-96x72.jpg]
[canadaconstructionlimited.ca/wp-content/uploads/2017/04/cloud-gardens-5-1024x768.jpg]
[canadaconstructionlimited.ca/wp-content/uploads/2017/04/cloud-gardens-8.jpg]
[canadaconstructionlimited.ca/index0df1.html]
[canadaconstructionlimited.ca/wp-content/uploads/2017/04/nashdene-4.jpg]
[canadaconstructionlimited.ca/wp-content/uploads/2017/04/don-valley-1.jpg]
[canadaconstructionlimited.ca/wp-content/uploads/2017/04/don-valley-3.jpg]
[canadaconstructionlimited.ca/wp-content/uploads/2017/04/don-valley-5-1024x768.jpg]
[canadaconstructionlimited.ca/wp-content/uploads/2017/04/don-valley-5.jpg]
[canadaconstructionlimited.ca/wp-content/uploads/2017/04/don-valley-4-768x1024.jpg]
[canadaconstructionlimited.ca/wp-content/uploads/2017/04/don-valley-5-96x72.jpg]
[canadaconstructionlimited.ca/wp-content/plugins/constructent-shortcodes/js/jquery.counterup.min5152.js]
[canadaconstructionlimited.ca/wp-content/themes/ccl/css/fonts/fontawesome-webfonte0a5.eot]
[canadaconstructionlimited.ca/wp-content/themes/ccl/css/fonts/fontawesome-webfontd41d.eot]
[canadaconstructionlimited.ca/wp-content/themes/ccl/css/fonts/fontawesome-webfonte0a5.woff]
[canadaconstructionlimited.ca/wp-content/themes/ccl/css/fonts/fontawesome-webfonte0a5.ttf]
[canadaconstructionlimited.ca/wp-content/themes/ccl/css/font-awesome.minb2f9.css]
[canadaconstructionlimited.ca/wp-content/plugins/constructent-shortcodes/css/frontend7938.css]
[canadaconstructionlimited.ca/wp-content/themes/ccl/css/fonts/Pe-icon-7-strokebb1d.svg]
[canadaconstructionlimited.ca/indexa182.html]
[canadaconstructionlimited.ca/wp-content/uploads/2017/04/ttc-1.jpg]
[canadaconstructionlimited.ca/wp-content/uploads/2017/04/ttc-1-96x72.jpg]
[canadaconstructionlimited.ca/wp-content/uploads/2017/04/ttc-2-768x1024.jpg]
[canadaconstructionlimited.ca/wp-content/uploads/2017/04/ttc-3.jpg]
[canadaconstructionlimited.ca/indexd308.html]
[canadaconstructionlimited.ca/wp-json/oembed/1.0/embede409]
[canadaconstructionlimited.ca/wp-content/uploads/2017/04/newmarket-2.jpg]
[canadaconstructionlimited.ca/index37f0.html]
[canadaconstructionlimited.ca/wp-content/uploads/2017/04/IMG_1480-002-e1491760238991-640x360.jpg]
[canadaconstructionlimited.ca/wp-content/uploads/2017/04/newmarket-1-96x72.jpg]
[canadaconstructionlimited.ca/wp-content/uploads/2017/05/IMG_4011-e1495240482510.jpg]
[canadaconstructionlimited.ca/wp-content/uploads/2017/05/IMG_4017-96x72.jpg]
[canadaconstructionlimited.ca/wp-content/uploads/2017/04/elmcrest-4-768x1024.jpg]
[canadaconstructionlimited.ca/wp-content/uploads/2017/04/elmcrest-7.jpg]
[canadaconstructionlimited.ca/wp-content/uploads/2017/04/elmcrest-8.jpg]
[canadaconstructionlimited.ca/wp-content/uploads/2017/04/elmcrest-8-768x1024.jpg]
[canadaconstructionlimited.ca/wp-content/uploads/2017/04/elmcrest-8-96x72.jpg]
[canadaconstructionlimited.ca/wp-content/uploads/2017/04/elmcrest-5-96x72.jpg]
[canadaconstructionlimited.ca/wp-json/oembed/1.0/embed23c6]
[canadaconstructionlimited.ca/services/index.html]
[canadaconstructionlimited.ca/indexa1f1.html]
[canadaconstructionlimited.ca/wp-content/uploads/2015/04/about-vintage-1024x772.jpg]
[canadaconstructionlimited.ca/about/feed/index.html]
[canadaconstructionlimited.ca/wp-content/plugins/wp-google-maps/images/WP-google-maps-logo-1-B-transparent.png]
[canadaconstructionlimited.ca/wp-content/plugins/wp-google-maps/fonts/fontawesome-webfontd41d.eot]
[canadaconstructionlimited.ca/wp-content/plugins/wp-google-maps/fonts/fontawesome-webfontba72.ttf]
[canadaconstructionlimited.ca/wp-content/plugins/wp-google-maps/css/font-awesome.min7938.css]
[canadaconstructionlimited.ca/wp-content/plugins/wp-google-maps/lib/remodal7938.css]
[canadaconstructionlimited.ca/wp-content/uploads/2017/04/home-about.jpg]
[canadaconstructionlimited.ca/wp-content/uploads/2016/11/20161007_144454-373x373.jpg]
[canadaconstructionlimited.ca/wp-json/oembed/1.0/embedaacd.json]
[canadaconstructionlimited.ca/wp-content/uploads/2017/04/ajax-mclean-2-96x72.jpg]
[canadaconstructionlimited.ca/wp-content/uploads/2017/04/ajax-mclean-8-1024x768.jpg]
[canadaconstructionlimited.ca/wp-content/uploads/2017/04/ajax-mclean-8-96x72.jpg]
[canadaconstructionlimited.ca/wp-content/uploads/2017/04/ajax-mclean-6-1024x768.jpg]
[canadaconstructionlimited.ca/wp-content/uploads/2017/04/ajax-mclean-6.jpg]
[canadaconstructionlimited.ca/wp-content/uploads/2017/04/ajax-mclean-5-768x1024.jpg]
[canadaconstructionlimited.ca/wp-content/uploads/2017/04/ajax-mclean-5-96x72.jpg]
[canadaconstructionlimited.ca/wp-content/uploads/2017/04/ajax-mclean-1.jpg]
[canadaconstructionlimited.ca/wp-content/uploads/2017/04/ajax-mclean-4-768x1024.jpg]
[canadaconstructionlimited.ca/wp-content/uploads/2017/04/ajax-mclean-7-96x72.jpg]
[canadaconstructionlimited.ca/wp-content/uploads/2017/04/ajax-mclean-9-1024x576.jpg]
[canadaconstructionlimited.ca/wp-content/uploads/2017/04/ajax-mclean-3-1024x768.jpg]
[canadaconstructionlimited.ca/wp-content/uploads/2017/04/ajax-mclean-3-96x72.jpg]
[canadaconstructionlimited.ca/projects/ajax-mclean-community-centre/index.html]
[canadaconstructionlimited.ca/wp-content/uploads/2017/04/IMG_4097-1024x768.jpg]
[canadaconstructionlimited.ca/wp-content/uploads/2017/04/cloud-gardens-3.jpg]
[canadaconstructionlimited.ca/wp-content/uploads/2017/04/cloud-gardens-6.jpg]
[canadaconstructionlimited.ca/wp-json/oembed/1.0/embed7a68]
[canadaconstructionlimited.ca/wp-content/themes/ccl-child/ccl.js]
[canadaconstructionlimited.ca/wp-content/themes/ccl/css/fonts/fontawesome-webfonte0a5.svg]
[canadaconstructionlimited.ca/indexa9a7.html]
[canadaconstructionlimited.ca/wp-content/uploads/2017/04/ttc-5-96x72.jpg]
[canadaconstructionlimited.ca/wp-content/uploads/2017/04/newmarket-3.jpg]
[canadaconstructionlimited.ca/wp-json/oembed/1.0/embed46fc]
[canadaconstructionlimited.ca/wp-content/uploads/2017/04/elmcrest-4.jpg]
[canadaconstructionlimited.ca/wp-content/uploads/2017/04/elmcrest-7-96x72.jpg]
[canadaconstructionlimited.ca/wp-content/uploads/2017/04/elmcrest-5.jpg]
[canadaconstructionlimited.ca/wp-content/uploads/2017/04/elmcrest-2.jpg]
[canadaconstructionlimited.ca/wp-content/uploads/2017/04/elmcrest-1.jpg]
[canadaconstructionlimited.ca/wp-json/oembed/1.0/embedf3ff]
[canadaconstructionlimited.ca/indexebfe.html]
[canadaconstructionlimited.ca/wp-content/uploads/2015/09/contact-title.jpg]
[canadaconstructionlimited.ca/wp-content/uploads/2016/05/project-team.png]
[canadaconstructionlimited.ca/wp-content/plugins/wp-google-maps/fonts/fontawesome-webfontba72.eot]
[canadaconstructionlimited.ca/wp-content/plugins/wp-google-maps/fonts/fontawesome-webfontba72.svg]
[canadaconstructionlimited.ca/index2973.html]
[canadaconstructionlimited.ca/wp-content/uploads/2016/11/20161007_144454-e1479355466331.jpg]
[canadaconstructionlimited.ca/wp-content/uploads/2017/04/ajax-mclean-2-1024x768.jpg]
[canadaconstructionlimited.ca/wp-content/uploads/2017/04/ajax-mclean-2.jpg]
[canadaconstructionlimited.ca/wp-json/oembed/1.0/embed6711]
[canadaconstructionlimited.ca/wp-content/uploads/2017/04/ajax-mclean-8.jpg]
[canadaconstructionlimited.ca/wp-content/uploads/2017/04/ajax-mclean-6.jpg]
[canadaconstructionlimited.ca/wp-content/uploads/2017/04/ajax-mclean-6-96x72.jpg]
[canadaconstructionlimited.ca/wp-content/uploads/2017/04/ajax-mclean-5.jpg]
[canadaconstructionlimited.ca/wp-content/uploads/2017/04/ajax-mclean-1-96x72.jpg]
[canadaconstructionlimited.ca/index03c2.html]
[canadaconstructionlimited.ca/index6b2b.html]
[canadaconstructionlimited.ca/wp-json/oembed/1.0/embed0921]
[canadaconstructionlimited.ca/wp-content/uploads/2017/04/don-valley-1-1024x768.jpg]
[canadaconstructionlimited.ca/wp-content/uploads/2017/04/don-valley-2-768x1024.jpg]
[canadaconstructionlimited.ca/wp-content/uploads/2017/04/don-valley-5.jpg]
[canadaconstructionlimited.ca/wp-content/uploads/2017/04/ttc-3.jpg]
[canadaconstructionlimited.ca/wp-content/uploads/2017/04/ttc-4.jpg]
[canadaconstructionlimited.ca/wp-content/uploads/2017/04/ttc-7.jpg]
[canadaconstructionlimited.ca/wp-content/uploads/2017/04/ttc-7-96x72.jpg]
[canadaconstructionlimited.ca/wp-json/oembed/1.0/embeda0e0]
[canadaconstructionlimited.ca/wp-content/uploads/2017/05/IMG_4035-96x72.jpg]
[canadaconstructionlimited.ca/wp-content/uploads/2017/04/elmcrest-7.jpg]
[canadaconstructionlimited.ca/wp-content/uploads/2017/04/elmcrest-6-96x72.jpg]
[canadaconstructionlimited.ca/wp-content/uploads/2017/04/elmcrest-3.jpg]
[canadaconstructionlimited.ca/wp-content/uploads/2017/04/ajax-mclean-3.jpg]
[canadaconstructionlimited.ca/wp-content/uploads/2016/05/services-title.jpg]
[canadaconstructionlimited.ca/wp-content/plugins/wp-google-maps/fonts/fontawesome-webfontba72.woff]
[canadaconstructionlimited.ca/wp-content/uploads/2017/04/ajax-mclean-4-96x72.jpg]
[canadaconstructionlimited.ca/wp-content/themes/ccl/css/fonts/fontawesome-webfonte0a5.woff2]
[canadaconstructionlimited.ca/indexe3ee.html]
[canadaconstructionlimited.ca/wp-content/uploads/2017/04/ajax-mclean-1-1024x768.jpg]
[canadaconstructionlimited.ca/wp-content/uploads/2017/04/ajax-mclean-4.jpg]
[canadaconstructionlimited.ca/wp-content/uploads/2017/04/ajax-mclean-7-1024x768.jpg]
[canadaconstructionlimited.ca/wp-content/uploads/2017/04/ajax-mclean-7.jpg]
[canadaconstructionlimited.ca/wp-content/uploads/2017/04/ajax-mclean-9.jpg]
[canadaconstructionlimited.ca/wp-content/uploads/2017/04/ajax-mclean-9-96x72.jpg]
[canadaconstructionlimited.ca/wp-content/uploads/2017/04/ajax-mclean-3.jpg]
